[HTML_TAV/HAGEN/WITHOUT_/INDEX.HTM]
[backblue.gif]
[fade.gif]
[index.html]
[HTML_TAV/HAGEN/WITHOUT_/FAVICON.ICO]
[FONTS_GO/INDEX.HTM]
[HTML_TAV/HAGEN/WITHOUT_/IMAGES/PROFILE_.JPG]
[HTML_TAV/HAGEN/WITHOUT_/RESUME.HTM]
[HTML_TAV/HAGEN/WITHOUT_/PORTFOLI.HTM]
[HTML_TAV/HAGEN/WITHOUT_/BLOG.HTM]
[HTML_TAV/HAGEN/WITHOUT_/CONTACT.HTM]
[HTML_TAV/HAGEN/WITHOUT_/IMAGES/PROFIL-2.JPG]
[HTML_TAV/HAGEN/WITHOUT_/IMAGES/COMMENT_.JPG]
[HTML_TAV/HAGEN/WITHOUT_/IMAGES/COMMEN-4.JPG]
[HTML_TAV/HAGEN/WITHOUT_/IMAGES/CLIENTS/CLIENT_3.PNG]
[HTML_TAV/HAGEN/WITHOUT_/IMAGES/CLIENTS/CLIENT_4.PNG]
[HTML_TAV/HAGEN/WITHOUT_/IMAGES/CLIENTS/CLIENT_5.PNG]
[HTML_TAV/HAGEN/WITHOUT_/IMAGES/CLIENTS/CLIENT_6.PNG]
[HTML_TAV/HAGEN/WITHOUT_/IMAGES/CLIENTS/CLIENT_7.PNG]
[HTML_TAV/HAGEN/WITHOUT_/JS/JQUERY.JS]
[HTML_TAV/HAGEN/WITHOUT_/JS/PLUGINS.JS]
[MAPS_GOO/MAPS/API/JSAA8E]
[HTML_TAV/HAGEN/WITHOUT_/JS/MAP.JS]
[HTML_TAV/HAGEN/WITHOUT_/JS/MAIN.JS]
[HTML_TAV/HAGEN/WITHOUT_/INDEX.HTM]
[FONTS_GO/INDEX.HTM]
[FONTS_GS/INDEX.HTM]
[FONTS_GO/CSS29344.CSS]
[HTML_TAV/HAGEN/WITHOUT_/RESUME.HTM]
[HTML_TAV/HAGEN/WITHOUT_/WORK_1.HTM]
[HTML_TAV/HAGEN/WITHOUT_/IMAGES/WORKS/WORK_1/01.JPG]
[HTML_TAV/HAGEN/WITHOUT_/WORK_2.HTM]
[HTML_TAV/HAGEN/WITHOUT_/IMAGES/WORKS/WORK_2/01_GRID.JPG]
[HTML_TAV/HAGEN/WITHOUT_/WORK_8.HTM]
[HTML_TAV/HAGEN/WITHOUT_/IMAGES/WORKS/WORK_8/VIDEO.MP4]
[HTML_TAV/HAGEN/WITHOUT_/IMAGES/WORKS/WORK_8/03.JPG]
[HTML_TAV/HAGEN/WITHOUT_/WORK_3.HTM]
[HTML_TAV/HAGEN/WITHOUT_/IMAGES/WORKS/WORK_3/01.JPG]
[HTML_TAV/HAGEN/WITHOUT_/WORK_4.HTM]
[HTML_TAV/HAGEN/WITHOUT_/IMAGES/WORKS/WORK_4/01.JPG]
[HTML_TAV/HAGEN/WITHOUT_/WORK_5.HTM]
[HTML_TAV/HAGEN/WITHOUT_/IMAGES/WORKS/WORK_5/01.JPG]
[HTML_TAV/HAGEN/WITHOUT_/WORK_6.HTM]
[HTML_TAV/HAGEN/WITHOUT_/IMAGES/WORKS/WORK_6/01.JPG]
[HTML_TAV/HAGEN/WITHOUT_/WORK_7.HTM]
[HTML_TAV/HAGEN/WITHOUT_/IMAGES/WORKS/WORK_7/01.JPG]
[HTML_TAV/HAGEN/WITHOUT_/WORK_9.HTM]
[HTML_TAV/HAGEN/WITHOUT_/IMAGES/WORKS/WORK_9/01.JPG]
[HTML_TAV/HAGEN/WITHOUT_/IMAGES/BG.JPG]
[HTML_TAV/HAGEN/WITHOUT_/PORTFOLI.HTM]
[HTML_TAV/HAGEN/WITHOUT_/SINGLE_B.HTM]
[HTML_TAV/HAGEN/WITHOUT_/IMAGES/BLOG_2.JPG]
[HTML_TAV/HAGEN/WITHOUT_/IMAGES/BLOG_1.JPG]
[HTML_TAV/HAGEN/WITHOUT_/IMAGES/BLOG_3.JPG]
[HTML_TAV/HAGEN/WITHOUT_/IMAGES/BLOG_4.JPG]
[HTML_TAV/HAGEN/WITHOUT_/IMAGES/BLOG_5.JPG]
[HTML_TAV/HAGEN/WITHOUT_/IMAGES/BLOG_6.JPG]
[HTML_TAV/HAGEN/WITHOUT_/BLOG.HTM]
[HTML_TAV/HAGEN/WITHOUT_/CONTACT.HTM]
[API_WHA/SEND/INDEX6ED.HTM]
[HTML_TAV/HAGEN/WITHOUT_/IMAGES/WORKS/WORK_1/02.JPG]
[HTML_TAV/HAGEN/WITHOUT_/IMAGES/WORKS/WORK_1/03.JPG]
[HTML_TAV/HAGEN/WITHOUT_/WORK_1.HTM]
[HTML_TAV/HAGEN/WITHOUT_/IMAGES/WORKS/WORK_2/01.JPG]
[HTML_TAV/HAGEN/WITHOUT_/WWW_TAVO_NET/EMANA]
[HTML_TAV/HAGEN/WITHOUT_/IMAGES/WORKS/WORK_2/02.JPG]
[HTML_TAV/HAGEN/WITHOUT_/IMAGES/WORKS/WORK_2/03.JPG]
[HTML_TAV/HAGEN/WITHOUT_/IMAGES/WORKS/WORK_2/04.JPG]
[HTML_TAV/HAGEN/WITHOUT_/IMAGES/WORKS/WORK_2/05.GIF]
[HTML_TAV/HAGEN/WITHOUT_/IMAGES/WORKS/WORK_2/06.JPG]
[HTML_TAV/HAGEN/WITHOUT_/WORK_2.HTM]
[HTML_TAV/HAGEN/WITHOUT_/IMAGES/WORKS/WORK_8/01.JPG]
[HTML_TAV/HAGEN/WITHOUT_/IMAGES/WORKS/WORK_8/02.JPG]
[HTML_TAV/HAGEN/WITHOUT_/WORK_8.HTM]
[HTML_TAV/HAGEN/WITHOUT_/IMAGES/WORKS/WORK_3/02.JPG]
[HTML_TAV/HAGEN/WITHOUT_/IMAGES/WORKS/WORK_3/03.JPG]
[HTML_TAV/HAGEN/WITHOUT_/WORK_3.HTM]
[HTML_TAV/HAGEN/WITHOUT_/IMAGES/WORKS/WORK_4/02.JPG]
[HTML_TAV/HAGEN/WITHOUT_/IMAGES/WORKS/WORK_4/03.JPG]
[HTML_TAV/HAGEN/WITHOUT_/IMAGES/WORKS/WORK_4/04.JPG]
[HTML_TAV/HAGEN/WITHOUT_/IMAGES/WORKS/WORK_4/05.JPG]
[HTML_TAV/HAGEN/WITHOUT_/WORK_4.HTM]
[HTML_TAV/HAGEN/WITHOUT_/IMAGES/WORKS/WORK_5/03.JPG]
[HTML_TAV/HAGEN/WITHOUT_/IMAGES/WORKS/WORK_5/02.JPG]
[HTML_TAV/HAGEN/WITHOUT_/WORK_5.HTM]
[HTML_TAV/HAGEN/WITHOUT_/IMAGES/WORKS/WORK_6/02.JPG]
[HTML_TAV/HAGEN/WITHOUT_/IMAGES/WORKS/WORK_6/03.JPG]
[HTML_TAV/HAGEN/WITHOUT_/WORK_6.HTM]
[HTML_TAV/HAGEN/WITHOUT_/IMAGES/WORKS/WORK_7/02.JPG]
[HTML_TAV/HAGEN/WITHOUT_/IMAGES/WORKS/WORK_7/03.JPG]
[HTML_TAV/HAGEN/WITHOUT_/IMAGES/WORKS/WORK_7/05.JPG]
[HTML_TAV/HAGEN/WITHOUT_/IMAGES/WORKS/WORK_7/06.JPG]
[HTML_TAV/HAGEN/WITHOUT_/WORK_7.HTM]
[HTML_TAV/HAGEN/WITHOUT_/IMAGES/WORKS/WORK_9/02.JPG]
[HTML_TAV/HAGEN/WITHOUT_/IMAGES/WORKS/WORK_9/03.JPG]
[HTML_TAV/HAGEN/WITHOUT_/WORK_9.HTM]
[HTML_TAV/HAGEN/WITHOUT_/SINGLE_B.HTM]
[STATIC_X/RSRC_PHP/V3/YP/R/RYZQPCBA.PNG]
[STATIC_X/RSRC_PHP/V3/YQ/L/0_CROSS/OJMBVM_V.CSS]
[STATIC_X/RSRC_PHP/V3/YC/L/0_CROSS/ER5NUXFU.CSS]
[STATIC_X/RSRC_PHP/V3/Y4/L/0_CROSS/0AU5DGXY.CSS]
[STATIC_X/RSRC_PHP/V3/YC/L/0_CROSS/28BZN702.CSS]
[STATIC_X/RSRC_PHP/V3/YQ/R/CSBMFB4J.JS]
[STATIC_X/RSRC_PHP/YM/R/36B424NH.SVG]
[STATIC_X/RSRC_PHP/YZ/R/LOOL7J_Z.SVG]
[API_WHA/SEND/WMBMUF_5.DEL.delayed]
[API_WHA/SEND/VGA9NU]
[API_WHA/SEND/7XQOFE]
[API_WHA/SEND/S8KCE6]
[API_WHA/SEND/_WER_S]
[API_WHA/SEND/YRC5KC]
[API_WHA/SEND/XIU9HV]
[API_WHA/SEND/ZCIRKY]
[API_WHA/SEND/CZSCSY]
[API_WHA/SEND/U_0_7_8]
[API_WHA/SEND/INDEX6ED.HTM]
[HTML_TAV/HAGEN/WITHOUT_/WWW_TAVO_NET/EMANA.HTM]
[API_WHA/SEND/WMBMUF.HTM]
[API_WHA/SEND/VGA9NU.HTM]
[API_WHA/SEND/7XQOFE.HTM]
[API_WHA/SEND/S8KCE6.HTM]
[API_WHA/SEND/_WER_S.HTM]
[API_WHA/SEND/YRC5KC.HTM]
[API_WHA/SEND/XIU9HV.HTM]
[API_WHA/SEND/ZCIRKY.HTM]
[API_WHA/SEND/CZSCSY.HTM]
[API_WHA/SEND/U_0_7_8.HTM]
[HTML_TAV/HAGEN/WITHOUT_/FAVICON.HTM]
[STATIC_X/RSRC_PHP/V3/Y8/R/OXK8E2_U.JS]
[HTML_TAV/HAGEN/WITHOUT_/CSS/MAIN.CSS]
[HTML_TAV/HAGEN/WITHOUT_/ICON_FON/FLAT_ICO/FLATICON.TTF]
[HTML_TAV/HAGEN/WITHOUT_/ICON_FON/FLAT_ICO/FLATICON.WOF]
[HTML_TAV/HAGEN/WITHOUT_/ICON_FON/FLAT_ICO/FLATIC-2.WOF]
[HTML_TAV/HAGEN/WITHOUT_/ICON_FON/FLAT_ICO/FLATICON.EOT]
[HTML_TAV/HAGEN/WITHOUT_/ICON_FON/FLAT_ICO/FLATICON.CSS]
[HTML_TAV/HAGEN/WITHOUT_/ICON_FON/FONT_AWE/WEBFONTS/FA_BRAND.WOF]
[HTML_TAV/HAGEN/WITHOUT_/ICON_FON/FONT_AWE/WEBFONTS/FA_BRAND.TTF]
[HTML_TAV/HAGEN/WITHOUT_/ICON_FON/FONT_AWE/WEBFONTS/FA_REGUL.WOF]
[HTML_TAV/HAGEN/WITHOUT_/ICON_FON/FONT_AWE/WEBFONTS/FA_REGUL.TTF]
[HTML_TAV/HAGEN/WITHOUT_/ICON_FON/FONT_AWE/WEBFONTS/FA_SOLID.WOF]
[HTML_TAV/HAGEN/WITHOUT_/ICON_FON/FONT_AWE/WEBFONTS/FA_SOLID.TTF]
[HTML_TAV/HAGEN/WITHOUT_/ICON_FON/FONT_AWE/WEBFONTS/FA_V4COM.WOF]
[HTML_TAV/HAGEN/WITHOUT_/ICON_FON/FONT_AWE/WEBFONTS/FA_V4COM.TTF]
[HTML_TAV/HAGEN/WITHOUT_/ICON_FON/FONT_AWE/CSS/ALL_MIN.CSS]
[HTML_TAV/HAGEN/WITHOUT_/RESUME.HTM]
[HTML_TAV/HAGEN/WITHOUT_/IMAGES/CLIENTS/CLIENT_2.PNG]
[HTML_TAV/HAGEN/WITHOUT_/IMAGES/COMMEN-2.JPG]
[STATIC_X/RSRC_PHP/V3/YP/R/RYZQPCBA.PNG]
[HTML_TAV/HAGEN/WITHOUT_/WORK_1.HTM]
[HTML_TAV/HAGEN/WITHOUT_/WORK_8.HTM]
[HTML_TAV/HAGEN/WITHOUT_/WORK_3.HTM]
[HTML_TAV/HAGEN/WITHOUT_/WORK_4.HTM]
[HTML_TAV/HAGEN/WITHOUT_/WORK_5.HTM]
[HTML_TAV/HAGEN/WITHOUT_/WORK_6.HTM]
[HTML_TAV/HAGEN/WITHOUT_/WORK_7.HTM]
[HTML_TAV/HAGEN/WITHOUT_/WORK_9.HTM]
[HTML_TAV/HAGEN/WITHOUT_/SINGLE_B.HTM]
[API_WHA/SEND/__ELEM_A.DEL.delayed]
[API_WHA/SEND/INDEX6ED.HTM]
[HTML_TAV/HAGEN/WITHOUT_/IMAGES/WORKS/WORK_2/06.HTM]
[STATIC_X/RSRC_PHP/V3/YQ/L/0_CROSS/OJMBVM_V.CSS]
[STATIC_X/RSRC_PHP/V3/Y2/R/ONUUJJ0T.PNG]
[STATIC_X/RSRC_PHP/YV/R/_R3J_X8Z.SVG]
[STATIC_X/RSRC_PHP/YB/R/8M63IQBP.SVG]
[STATIC_X/RSRC_PHP/V1/YN/R/R1P1O1JD.JPG]
[STATIC_X/RSRC_PHP/V1/YQ/R/DPFL9FRF.JPG]
[STATIC_X/RSRC_PHP/V1/Y_/R/OQWQJTJB.JPG]
[STATIC_X/RSRC_PHP/V3/YM/R/QSRZ_CY2.PNG]
[STATIC_X/RSRC_PHP/V3/YC/L/0_CROSS/ER5NUXFU.CSS]
[STATIC_X/RSRC_PHP/V3/YP/R/EJCAYTCJ.PNG]
[STATIC_X/RSRC_PHP/V3/YR/R/SQLW9J8I.PNG]
[STATIC_X/RSRC_PHP/V1/YN/R/R1P1O1JD.JPG]
[STATIC_X/RSRC_PHP/V3/YI/R/OPONMZUF.PNG]
[STATIC_X/RSRC_PHP/V3/Y4/L/0_CROSS/0AU5DGXY.CSS]
[STATIC_X/RSRC_PHP/V3/YC/L/0_CROSS/28BZN702.CSS]
[STATIC_X/RSRC_PHP/V3/YQ/R/CSBMFB4J.JS]
[STATIC_X/RSRC_PHP/YM/R/36B424NH.SVG]
[STATIC_X/RSRC_PHP/YZ/R/LOOL7J_Z.SVG]
[STATIC_X/RSRC_PHP/V3/Y8/R/OXK8E2_U.JS]
[STATIC_X/RSRC_PHP/V3/YR/R/SQLW9J8I.PNG]
[STATIC_X/RSRC_PHP/V3/YI/R/OPONMZUF.PNG]
[HTML_TAV/HAGEN/WITHOUT_/CSS/IMAGES/CONTROLS.DEL.delayed]
[HTML_TAV/HAGEN/WITHOUT_/CSS/ASSETS.CSS]
[HTML_TAV/HAGEN/WITHOUT_/CSS/COLOR.CSS]
[HTML_TAV/HAGEN/WITHOUT_/CSS/NORMALIZ.CSS]
[HTML_TAV/HAGEN/WITHOUT_/ICON_FON/FLAT_ICO/FLATICON.SVG]
[HTML_TAV/HAGEN/WITHOUT_/WORK_2.HTM]
[API_WHA/SEND/__ELEM_A.HTM]
[HTML_TAV/HAGEN/WITHOUT_/WWW_TAVO_NET/EMANA.HTM]
[STATIC_X/RSRC_PHP/YV/R/_R3J_X8Z.SVG]
[STATIC_X/RSRC_PHP/YB/R/8M63IQBP.SVG]
[STATIC_X/RSRC_PHP/Y3/R/VZT6SG_I.SVG]
[HTML_TAV/HAGEN/WITHOUT_/CSS/IMAGES/CONTROLS.HTM]
[HTML_TAV/HAGEN/WITHOUT_/IMAGES/COMMEN-3.JPG]
[STATIC_X/RSRC_PHP/V3/YV/R/IJYGCESA.PNG]
[HTML_TAV/HAGEN/WITHOUT_/IMAGES/CLIENTS/CLIENT_1.PNG]
[API_WHA/SEND/STYLE.SET]
